---
source: tests/multi.rs
expression: res
---
Err(
    MirrorFailedOnStore(
        "store-2",
        ResourceNotFound,
    ),
)
